// Jest Snapshot v1, https://goo.gl/fbAQLP

exports[`DogList can render some dogs 1`] = `
<div>
  <h1>
    Dogs
  </h1>
  <div>
    <h2>
      Butler
       -- 
      Corgi
    </h2>
    <p>
      10/10
    </p>
  </div>
</div>
`;
